
> next-app-starter@0.1.0 build
> next build

node.exe : [baseline-b
rowser-mapping] The 
data in this module 
is over two months 
old.  To ensure 
accurate Baseline 
data, please update: 
`npm i baseline-browse
r-mapping@latest -D`
At C:\Program Files\no
dejs\npm.ps1:29 char:3
+   & $NODE_EXE 
$NPM_CLI_JS $args
+   ~~~~~~~~~~~~~~~~~~
~~~~~~~~~~~
    + CategoryInfo    
          : NotSpeci  
  fied: ([baseline-   
 brows...ping@late    
st -D`:String) []    
, RemoteException
    + FullyQualifiedE 
   rrorId : NativeCo  
  mmandError
 
   Γû▓ Next.js 16.0.3 (Turbopack)
   - Environments: .env.local

   Creating an optimized production build ...
[baseline-browser-mapp
ing] The data in this 
module is over two 
months old.  To 
ensure accurate 
Baseline data, please 
update: `npm i baselin
e-browser-mapping@late
st -D`
 Γ£ô Compiled successfully in 92s
   Running TypeScript ...
   Collecting page data using 3 workers ...
[baseline-browser-mapp
ing] The data in this 
module is over two 
months old.  To 
ensure accurate 
Baseline data, please 
update: `npm i baselin
e-browser-mapping@late
st -D`
[baseline-browser-mapp
ing] The data in this 
module is over two 
months old.  To 
ensure accurate 
Baseline data, please 
update: `npm i baselin
e-browser-mapping@late
st -D`
[baseline-browser-mapp
ing] The data in this 
module is over two 
months old.  To 
ensure accurate 
Baseline data, please 
update: `npm i baselin
e-browser-mapping@late
st -D`
[dotenv@17.2.3] injecting env (0) from .env.local -- tip: ΓÜÖ∩╕Å  write to custom object with { processEnv: myObject }
[dotenv@17.2.3] injecting env (0) from .env.local -- tip: ΓÜÖ∩╕Å  write to custom object with { processEnv: myObject }
[dotenv@17.2.3] injecting env (0) from .env.local -- tip: ΓÜÖ∩╕Å  load multiple .env files with { path: ['.env.local', '.env'] }
[dotenv@17.2.3] injecting env (0) from .env.local -- tip: ≡ƒùé∩╕Å backup and recover secrets: https://dotenvx.com/ops
[dotenv@17.2.3] injecting env (0) from .env.local -- tip: ≡ƒöä add secrets lifecycle management: https://dotenvx.com/ops
[2m2025-12-27T15:23:1
5.813Z[0m 
[31mERROR[0m 
[1m[Better 
Auth]:[0m You are 
using the default 
secret. Please set 
`BETTER_AUTH_SECRET` 
in your environment 
variables or pass 
`secret` in your auth 
config.
   Generating static pages using 3 workers (0/12) ...
[baseline-browser-mapp
ing] The data in this 
module is over two 
months old.  To 
ensure accurate 
Baseline data, please 
update: `npm i baselin
e-browser-mapping@late
st -D`
 Γ¿» 
useSearchParams() 
should be wrapped in 
a suspense boundary 
at page "/cart". Read 
more: https://nextjs.o
rg/docs/messages/missi
ng-suspense-with-csr-b
ailout
    at S (D:\work\proj
ects\ecommers\.next\se
rver\chunks\ssr\node_m
odules_next_cf02c53c._
.js:2:2111)
    at p (D:\work\proj
ects\ecommers\.next\se
rver\chunks\ssr\node_m
odules_next_cf02c53c._
.js:4:4847)
    at n (D:\work\proj
ects\ecommers\.next\se
rver\chunks\ssr\[root-
of-the-server]__a475b3
7b._.js:1:5081)
    at ar (D:\work\pro
jects\ecommers\node_mo
dules\next\dist\compil
ed\next-server\app-pag
e-turbo.runtime.prod.j
s:2:84366)
    at aa (D:\work\pro
jects\ecommers\node_mo
dules\next\dist\compil
ed\next-server\app-pag
e-turbo.runtime.prod.j
s:2:86185)
    at aa (D:\work\pro
jects\ecommers\node_mo
dules\next\dist\compil
ed\next-server\app-pag
e-turbo.runtime.prod.j
s:2:104714)
    at as (D:\work\pro
jects\ecommers\node_mo
dules\next\dist\compil
ed\next-server\app-pag
e-turbo.runtime.prod.j
s:2:107952)
    at ao (D:\work\pro
jects\ecommers\node_mo
dules\next\dist\compil
ed\next-server\app-pag
e-turbo.runtime.prod.j
s:2:105374)
    at ah (D:\work\pro
jects\ecommers\node_mo
dules\next\dist\compil
ed\next-server\app-pag
e-turbo.runtime.prod.j
s:2:112881)
    at al (D:\work\pro
jects\ecommers\node_mo
dules\next\dist\compil
ed\next-server\app-pag
e-turbo.runtime.prod.j
s:2:109984)
Error occurred 
prerendering page 
"/cart". Read more: ht
tps://nextjs.org/docs/
messages/prerender-err
or
Export encountered an 
error on 
/(root)/cart/page: 
/cart, exiting the 
build.
 Γ¿» Next.js build 
worker exited with 
code: 1 and signal: 
null
