src/components/AddressForm.tsx(3,25): error TS2307: Cannot find module 'react-hook-form' or its corresponding type declarations.
src/components/AddressForm.tsx(4,29): error TS2307: Cannot find module '@hookform/resolvers/zod' or its corresponding type declarations.
